[Licensing::Module] Trying to connect to existing licensing client channel...
Built from '6000.3/respin/6000.3.6f1-732c1ec89f18' branch; Version is '6000.3.6f1 (bbb010bdb8a3) revision 12300304'; Using compiler version '194234433'; Build Type 'Release'
OS: 'Windows 11  (10.0.26200) Core' Language: 'en' Physical Memory: 31913 MB
[Licensing::IpcConnector] Successfully connected to: "LicenseClient-User" at "2026-03-27T11:25:34.6485617Z"
BatchMode: 1, IsHumanControllingUs: 0, StartBugReporterOnCrash: 0, Is64bit: 1
System  architecture: x64
Process architecture: x64
Date: 2026-03-27T11:25:34Z

COMMAND LINE ARGUMENTS:
C:\Program Files\Unity\Hub\Editor\6000.3.6f1\Editor\Unity.exe
-adb2
-batchMode
-noUpm
-name
AssetImportWorker2
-projectPath
C:/Users/User/67-161-Projects/2D/2D-Map/2D-Map
-logFile
Logs/AssetImportWorker2.log
-srvPort
52119
-licensingIpc
LicenseClient-User
-job-worker-count
7
-background-job-worker-count
8
-gc-helper-count
1
-name
AssetImport
Successfully changed project path to: C:/Users/User/67-161-Projects/2D/2D-Map/2D-Map
C:/Users/User/67-161-Projects/2D/2D-Map/2D-Map
[UnityMemory] Configuration Parameters - Can be set up in boot.config
    "memorysetup-temp-allocator-size-nav-mesh-worker=65536"
    "memorysetup-temp-allocator-size-audio-worker=65536"
    "memorysetup-temp-allocator-size-gfx=262144"
    "memorysetup-allocator-temp-initial-block-size-main=262144"
    "memorysetup-allocator-temp-initial-block-size-worker=262144"
    "memorysetup-temp-allocator-size-background-worker=32768"
    "memorysetup-temp-allocator-size-job-worker=262144"
    "memorysetup-temp-allocator-size-preload-manager=33554432"
    "memorysetup-temp-allocator-size-gi-baking-worker=262144"
    "memorysetup-temp-allocator-size-gi-baking-worker=262144"
    "memorysetup-temp-allocator-size-gi-baking-worker=262144"
    "memorysetup-temp-allocator-size-gi-baking-worker=262144"
    "memorysetup-temp-allocator-size-gi-baking-worker=262144"
    "memorysetup-bucket-allocator-granularity=16"
    "memorysetup-bucket-allocator-bucket-count=8"
    "memorysetup-bucket-allocator-block-size=33554432"
    "memorysetup-bucket-allocator-block-count=8"
    "memorysetup-main-allocator-block-size=16777216"
    "memorysetup-thread-allocator-block-size=16777216"
    "memorysetup-gfx-main-allocator-block-size=16777216"
    "memorysetup-gfx-thread-allocator-block-size=16777216"
    "memorysetup-cache-allocator-block-size=4194304"
    "memorysetup-typetree-allocator-block-size=2097152"
    "memorysetup-profiler-bucket-allocator-granularity=16"
    "memorysetup-profiler-bucket-allocator-bucket-count=8"
    "memorysetup-profiler-bucket-allocator-block-size=33554432"
    "memorysetup-profiler-bucket-allocator-block-count=8"
    "memorysetup-profiler-allocator-block-size=16777216"
    "memorysetup-profiler-editor-allocator-block-size=1048576"
    "memorysetup-temp-allocator-size-main=16777216"
    "memorysetup-job-temp-allocator-block-size=2097152"
    "memorysetup-job-temp-allocator-block-size-background=1048576"
    "memorysetup-job-temp-allocator-reduction-small-platforms=262144"
    "memorysetup-temp-allocator-size-cloud-worker=32768"
Player connection [17492]  Target information:

Player connection [17492]  * "[IP] 192.168.1.36 [Port] 0 [Flags] 2 [Guid] 607187176 [EditorId] 607187176 [Version] 1048832 [Id] WindowsEditor(7,IHC-Rangsit) [Debug] 1 [PackageName] WindowsEditor [ProjectName] Editor" 

Player connection [17492] Host joined multi-casting on [225.0.0.222:54997]...
Player connection [17492] Host joined alternative multi-casting on [225.0.0.222:34997]...
JobSystem: Creating JobQueue using job-worker-count value 7
Input System module state changed to: Initialized.
[Physics::Module] Initialized fallback backend.
[Physics::Module] Id: 0xdecafbad
Library Redirect Path: Library/
[Physics::Module] Selected backend.
[Physics::Module] Name: PhysX
[Physics::Module] Id: 0xf2b8ea05
[Physics::Module] SDK Version: 4.1.2
[Physics::Module] Integration Version: 1.0.0
[Physics::Module] Threading Mode: Multi-Threaded
Refreshing native plugins compatible for Editor in 1.70 ms, found 3 plugins.
Preloading 0 native plugins for Editor in 0.00 ms.
Initialize engine version: 6000.3.6f1 (bbb010bdb8a3)
[Subsystems] Discovering subsystems at path C:/Program Files/Unity/Hub/Editor/6000.3.6f1/Editor/Data/Resources/UnitySubsystems
[Subsystems] Discovering subsystems at path C:/Users/User/67-161-Projects/2D/2D-Map/2D-Map/Assets
GfxDevice: creating device client; kGfxThreadingModeNonThreaded
Direct3D:
    Version:  Direct3D 11.0 [level 11.1]
    Renderer: AMD Radeon RX 9070 XT (ID=0x7550)
    Vendor:   ATI
    VRAM:     16200 MB
    Driver:   32.0.23033.1002
Initialize mono
Mono path[0] = 'C:/Program Files/Unity/Hub/Editor/6000.3.6f1/Editor/Data/Managed'
Mono path[1] = 'C:/Program Files/Unity/Hub/Editor/6000.3.6f1/Editor/Data/MonoBleedingEdge/lib/mono/unityjit-win32'
Mono config path = 'C:/Program Files/Unity/Hub/Editor/6000.3.6f1/Editor/Data/MonoBleedingEdge/etc'
Using monoOptions --debugger-agent=transport=dt_socket,embedding=1,server=y,suspend=n,address=127.0.0.1:56956
Begin MonoManager ReloadAssembly
Registering precompiled unity dll's ...
Register platform support module: C:/Program Files/Unity/Hub/Editor/6000.3.6f1/Editor/Data/PlaybackEngines/WindowsStandaloneSupport/UnityEditor.WindowsStandalone.Extensions.dll
Registered in 0.002589 seconds.
- Loaded All Assemblies, in  0.450 seconds
Native extension for WindowsStandalone target not found
[Licensing::Client] Handshaking with LicensingClient:
  Version:                 1.17.4+4293ba1
  Session Id:              89ed5b9786674a7e9f1da673ab7200a6
  Correlation Id:          92c4c08143f3a1ed3bc8bb7b3ea5e9e1
  External correlation Id: 8591223493979668822
  Machine Id:              4OY45Zr/YsTZ4BjSXKb4EnWa07o=
[Licensing::Module] Successfully connected to LicensingClient on channel: "LicenseClient-User" (connect: 0.00s, validation: 0.00s, handshake: 0.98s)
[Licensing::IpcConnector] Successfully connected to: "LicenseClient-User-notifications" at "2026-03-27T11:25:35.6320753Z"
[Licensing::Module] Licensing Background thread has ended after 0.98s
ScheduleIndexationOnStartup MainProcess:False IndexOnStartup:True
Mono: successfully reloaded assembly
- Finished resetting the current domain, in  0.411 seconds
Domain Reload Profiling: 857ms
	BeginReloadAssembly (146ms)
		ExecutionOrderSort (0ms)
		DisableScriptedObjects (0ms)
		BackupInstance (0ms)
		ReleaseScriptingObjects (0ms)
		CreateAndSetChildDomain (1ms)
	RebuildCommonClasses (42ms)
	RebuildNativeTypeToScriptingClass (16ms)
	initialDomainReloadingComplete (51ms)
	LoadAllAssembliesAndSetupDomain (190ms)
		LoadAssemblies (142ms)
		RebuildTransferFunctionScriptingTraits (0ms)
		AnalyzeDomain (187ms)
			TypeCache.Refresh (185ms)
				TypeCache.ScanAssembly (170ms)
			BuildScriptInfoCaches (0ms)
			ResolveRequiredComponents (0ms)
	FinalizeReload (411ms)
		ReleaseScriptCaches (0ms)
		RebuildScriptCaches (0ms)
		SetupLoadedEditorAssemblies (377ms)
			LogAssemblyErrors (0ms)
			InitializePlatformSupportModulesInManaged (51ms)
			SetLoadedEditorAssemblies (4ms)
			BeforeProcessingInitializeOnLoad (102ms)
			ProcessInitializeOnLoadAttributes (151ms)
			ProcessInitializeOnLoadMethodAttributes (68ms)
			AfterProcessingInitializeOnLoad (0ms)
			EditorAssembliesLoaded (0ms)
		ExecutionOrderSort2 (0ms)
		AwakeInstancesAfterBackupRestoration (0ms)
========================================================================
Worker process is ready to serve import requests
Import Worker Mode flag is 0x00
Begin MonoManager ReloadAssembly
[Licensing::Client] Successfully resolved entitlement details
[Licensing::Module] License group:
  Id: 18968005301381-UnityPersXXXX
  Product: Unity Personal
  Type: Assigned
  Expiration: Unlimited
- Loaded All Assemblies, in  0.644 seconds
Refreshing native plugins compatible for Editor in 0.90 ms, found 3 plugins.
Native extension for WindowsStandalone target not found
Package Manager log level set to [2]
[Package Manager] Failed to launch server process. Reason: Unity was launched with the -noUpm command-line argument
[Package Manager] Unable to send message (not connected to server process).
[Package Manager] Cannot connect to Unity Package Manager local server
ScheduleIndexationOnStartup MainProcess:False IndexOnStartup:True
Mono: successfully reloaded assembly
- Finished resetting the current domain, in  0.557 seconds
Domain Reload Profiling: 1197ms
	BeginReloadAssembly (200ms)
		ExecutionOrderSort (0ms)
		DisableScriptedObjects (5ms)
		BackupInstance (0ms)
		ReleaseScriptingObjects (0ms)
		CreateAndSetChildDomain (36ms)
	RebuildCommonClasses (35ms)
	RebuildNativeTypeToScriptingClass (12ms)
	initialDomainReloadingComplete (32ms)
	LoadAllAssembliesAndSetupDomain (360ms)
		LoadAssemblies (283ms)
		RebuildTransferFunctionScriptingTraits (0ms)
		AnalyzeDomain (176ms)
			TypeCache.Refresh (132ms)
				TypeCache.ScanAssembly (121ms)
			BuildScriptInfoCaches (36ms)
			ResolveRequiredComponents (4ms)
	FinalizeReload (557ms)
		ReleaseScriptCaches (0ms)
		RebuildScriptCaches (0ms)
		SetupLoadedEditorAssemblies (462ms)
			LogAssemblyErrors (0ms)
			InitializePlatformSupportModulesInManaged (1ms)
			SetLoadedEditorAssemblies (3ms)
			BeforeProcessingInitializeOnLoad (129ms)
			ProcessInitializeOnLoadAttributes (287ms)
			ProcessInitializeOnLoadMethodAttributes (34ms)
			AfterProcessingInitializeOnLoad (8ms)
			EditorAssembliesLoaded (0ms)
		ExecutionOrderSort2 (0ms)
		AwakeInstancesAfterBackupRestoration (6ms)
Launched and connected shader compiler UnityShaderCompiler.exe after 0.01 seconds
Refreshing native plugins compatible for Editor in 20.31 ms, found 3 plugins.
Preloading 0 native plugins for Editor in 0.00 ms.
Unloading 0 Unused Serialized files (Serialized files now loaded: 0)
Unloading 3902 unused Assets / (1.1 MB). Loaded Objects now: 4490.
Memory consumption went from 94.4 MB to 93.3 MB.
Total: 13.664000 ms (FindLiveObjects: 2.628600 ms CreateObjectMapping: 0.654600 ms MarkObjects: 9.029100 ms  DeleteObjects: 1.350700 ms)

========================================================================
Received Import Request.
  Time since last request: 1829.714995 seconds.
  path: Assets/Easy FPS/_scene/ReflectionProbe-0.exr
  artifactKey: Guid(80ecc98892a3a5b47aa09b510d4c7220) Importer(2089858483,b0f066a214c2f5e87bad3c948f4d605d)
Start importing Assets/Easy FPS/_scene/ReflectionProbe-0.exr using Guid(80ecc98892a3a5b47aa09b510d4c7220) Importer(2089858483,b0f066a214c2f5e87bad3c948f4d605d) (ScriptedImporter) -> (artifact id: 'c6a9a6deaa07c1c6ee519c6966f0ef02') in 0.0981601 seconds
Number of updated asset objects reloaded before import = 0Number of asset objects unloaded after import = 1

========================================================================
Received Import Request.
  Time since last request: 0.000014 seconds.
  path: Assets/Easy FPS/MuzzelFlash/Materials/Muzzle03.mat
  artifactKey: Guid(f2b70daa9b1a64645abe9061abddbe8f) Importer(2089858483,b0f066a214c2f5e87bad3c948f4d605d)
Start importing Assets/Easy FPS/MuzzelFlash/Materials/Muzzle03.mat using Guid(f2b70daa9b1a64645abe9061abddbe8f) Importer(2089858483,b0f066a214c2f5e87bad3c948f4d605d) (ScriptedImporter) -> (artifact id: '5d450c72369d2b44e2110376833c9093') in 0.0193598 seconds
Number of updated asset objects reloaded before import = 0Number of asset objects unloaded after import = 2

========================================================================
Received Import Request.
  Time since last request: 0.000014 seconds.
  path: Assets/Easy FPS/Model_Animations_Textures/main character/Textures
  artifactKey: Guid(8a2674fce30c94f419ef3ddf5c3bc7a2) Importer(2089858483,b0f066a214c2f5e87bad3c948f4d605d)
Start importing Assets/Easy FPS/Model_Animations_Textures/main character/Textures using Guid(8a2674fce30c94f419ef3ddf5c3bc7a2) Importer(2089858483,b0f066a214c2f5e87bad3c948f4d605d) (ScriptedImporter) -> (artifact id: '9e20db31c226b97603273bfb4d6d6fcb') in 0.0067724 seconds
Number of updated asset objects reloaded before import = 0Number of asset objects unloaded after import = 1

========================================================================
Received Import Request.
  Time since last request: 0.000048 seconds.
  path: Assets/Easy FPS/_sceneSettings.lighting
  artifactKey: Guid(8566e6d3a56a43746abbf10574730f6c) Importer(2089858483,b0f066a214c2f5e87bad3c948f4d605d)
Start importing Assets/Easy FPS/_sceneSettings.lighting using Guid(8566e6d3a56a43746abbf10574730f6c) Importer(2089858483,b0f066a214c2f5e87bad3c948f4d605d) (ScriptedImporter)LightingSettings: switching bake backend from 2 to 1.
 -> (artifact id: '16a0cf811435329d218b7858344c2ee9') in 0.017776 seconds
Number of updated asset objects reloaded before import = 0Number of asset objects unloaded after import = 1

========================================================================
Received Import Request.
  Time since last request: 0.000039 seconds.
  path: Assets/Easy FPS/Prefabs/Bullet.prefab
  artifactKey: Guid(c9e619a669d974fd28b5c89e43f2bce2) Importer(2089858483,b0f066a214c2f5e87bad3c948f4d605d)
Start importing Assets/Easy FPS/Prefabs/Bullet.prefab using Guid(c9e619a669d974fd28b5c89e43f2bce2) Importer(2089858483,b0f066a214c2f5e87bad3c948f4d605d) (ScriptedImporter) -> (artifact id: 'b779e0a96e7362e3d5e627863bcec8ab') in 0.0459411 seconds
Number of updated asset objects reloaded before import = 0Number of asset objects unloaded after import = 21

========================================================================
Received Import Request.
  Time since last request: 0.000015 seconds.
  path: Assets/Easy FPS/Model_Animations_Textures/ironSight_addon/Iron Sight_Low.prefab
  artifactKey: Guid(266217131f4ee48fb8fb37a299eb74ec) Importer(2089858483,b0f066a214c2f5e87bad3c948f4d605d)
Start importing Assets/Easy FPS/Model_Animations_Textures/ironSight_addon/Iron Sight_Low.prefab using Guid(266217131f4ee48fb8fb37a299eb74ec) Importer(2089858483,b0f066a214c2f5e87bad3c948f4d605d) (ScriptedImporter) -> (artifact id: '2242d488ca61cebb063a85c6b1866444') in 0.0133023 seconds
Number of updated asset objects reloaded before import = 0Number of asset objects unloaded after import = 9

========================================================================
Received Import Request.
  Time since last request: 0.000012 seconds.
  path: Assets/Easy FPS/Model_Animations_Textures/ironSight_addon/None_Roughness.bmp
  artifactKey: Guid(cd6653933fed14b529b1a0103f7fa604) Importer(2089858483,b0f066a214c2f5e87bad3c948f4d605d)
Start importing Assets/Easy FPS/Model_Animations_Textures/ironSight_addon/None_Roughness.bmp using Guid(cd6653933fed14b529b1a0103f7fa604) Importer(2089858483,b0f066a214c2f5e87bad3c948f4d605d) (ScriptedImporter) -> (artifact id: 'fddac7dfdbaec7989d7d7be17beab9c4') in 0.0181484 seconds
Number of updated asset objects reloaded before import = 0Number of asset objects unloaded after import = 1

========================================================================
Received Import Request.
  Time since last request: 0.000044 seconds.
  path: Assets/Easy FPS/MuzzelFlash/Textures/Muzzle03.png
  artifactKey: Guid(915dfbc7e0147994c8a81cfef125f1a9) Importer(2089858483,b0f066a214c2f5e87bad3c948f4d605d)
Start importing Assets/Easy FPS/MuzzelFlash/Textures/Muzzle03.png using Guid(915dfbc7e0147994c8a81cfef125f1a9) Importer(2089858483,b0f066a214c2f5e87bad3c948f4d605d) (ScriptedImporter) -> (artifact id: '067ef2983a0529d3226aed4984d75a32') in 0.0120786 seconds
Number of updated asset objects reloaded before import = 0Number of asset objects unloaded after import = 1

========================================================================
Received Import Request.
  Time since last request: 0.000029 seconds.
  path: Assets/Easy FPS/MuzzelFlash/Materials/Muzzle01.mat
  artifactKey: Guid(f970fb0871f31e94b951a1450fdc4bac) Importer(2089858483,b0f066a214c2f5e87bad3c948f4d605d)
Start importing Assets/Easy FPS/MuzzelFlash/Materials/Muzzle01.mat using Guid(f970fb0871f31e94b951a1450fdc4bac) Importer(2089858483,b0f066a214c2f5e87bad3c948f4d605d) (ScriptedImporter) -> (artifact id: 'ce9f55564b98749f913cea631c53a190') in 0.0086307 seconds
Number of updated asset objects reloaded before import = 0Number of asset objects unloaded after import = 2

========================================================================
Received Import Request.
  Time since last request: 0.000014 seconds.
  path: Assets/Easy FPS/Resources/NewGun_auto.prefab
  artifactKey: Guid(d263be518b43c45958a9fabf6650fd2d) Importer(2089858483,b0f066a214c2f5e87bad3c948f4d605d)
Start importing Assets/Easy FPS/Resources/NewGun_auto.prefab using Guid(d263be518b43c45958a9fabf6650fd2d) Importer(2089858483,b0f066a214c2f5e87bad3c948f4d605d) (ScriptedImporter) -> (artifact id: '1420f9604e8ced13a05fdd3a457edbb1') in 0.0316439 seconds
Number of updated asset objects reloaded before import = 0Number of asset objects unloaded after import = 228

========================================================================
Received Import Request.
  Time since last request: 0.000012 seconds.
  path: Assets/Easy FPS/MuzzelFlash/MuzzlePrefabs/muzzelFlash 04.prefab
  artifactKey: Guid(29d86feb88bf925428f9d7de6d4b401f) Importer(2089858483,b0f066a214c2f5e87bad3c948f4d605d)
Start importing Assets/Easy FPS/MuzzelFlash/MuzzlePrefabs/muzzelFlash 04.prefab using Guid(29d86feb88bf925428f9d7de6d4b401f) Importer(2089858483,b0f066a214c2f5e87bad3c948f4d605d) (ScriptedImporter) -> (artifact id: '5480a3be86398ea5af8e546c615bf25c') in 0.0171423 seconds
Number of updated asset objects reloaded before import = 0Number of asset objects unloaded after import = 9

========================================================================
Received Import Request.
  Time since last request: 0.000012 seconds.
  path: Assets/Easy FPS/MuzzelFlash/Textures/Muzzle02.png
  artifactKey: Guid(cda3b0f8a94c284438c8a6b23b009ea8) Importer(2089858483,b0f066a214c2f5e87bad3c948f4d605d)
Start importing Assets/Easy FPS/MuzzelFlash/Textures/Muzzle02.png using Guid(cda3b0f8a94c284438c8a6b23b009ea8) Importer(2089858483,b0f066a214c2f5e87bad3c948f4d605d) (ScriptedImporter) -> (artifact id: '192c7631b431bb8e7cae520899d396fd') in 0.0085878 seconds
Number of updated asset objects reloaded before import = 0Number of asset objects unloaded after import = 1

========================================================================
Received Import Request.
  Time since last request: 0.000050 seconds.
  path: Assets/Easy FPS/MuzzelFlash/Textures/Muzzle05.png
  artifactKey: Guid(d6d816f89e5c56d43b75fb6c0cdecc48) Importer(2089858483,b0f066a214c2f5e87bad3c948f4d605d)
Start importing Assets/Easy FPS/MuzzelFlash/Textures/Muzzle05.png using Guid(d6d816f89e5c56d43b75fb6c0cdecc48) Importer(2089858483,b0f066a214c2f5e87bad3c948f4d605d) (ScriptedImporter) -> (artifact id: 'd1ae40ae450947e373d0f20c3791c6c6') in 0.0101033 seconds
Number of updated asset objects reloaded before import = 0Number of asset objects unloaded after import = 1

========================================================================
Received Import Request.
  Time since last request: 0.000041 seconds.
  path: Assets/Easy FPS/Sounds/playerSound/jump.wav
  artifactKey: Guid(fb859d907317d2446a59ffdeb1807e15) Importer(2089858483,b0f066a214c2f5e87bad3c948f4d605d)
Start importing Assets/Easy FPS/Sounds/playerSound/jump.wav using Guid(fb859d907317d2446a59ffdeb1807e15) Importer(2089858483,b0f066a214c2f5e87bad3c948f4d605d) (ScriptedImporter) -> (artifact id: '3274cf5e62567b437507f05dced2daa5') in 0.0242991 seconds
Number of updated asset objects reloaded before import = 0Number of asset objects unloaded after import = 1

========================================================================
Received Import Request.
  Time since last request: 0.000036 seconds.
  path: Assets/Easy FPS/Model_Animations_Textures/ironSight_addon/Materials/red_dot.mat
  artifactKey: Guid(0b7e3b77b1fc74b639825b9b8e5ddb81) Importer(2089858483,b0f066a214c2f5e87bad3c948f4d605d)
Start importing Assets/Easy FPS/Model_Animations_Textures/ironSight_addon/Materials/red_dot.mat using Guid(0b7e3b77b1fc74b639825b9b8e5ddb81) Importer(2089858483,b0f066a214c2f5e87bad3c948f4d605d) (ScriptedImporter) -> (artifact id: 'fe9c60be79f1f8025ce42d363eebb1de') in 0.0102692 seconds
Number of updated asset objects reloaded before import = 0Number of asset objects unloaded after import = 2

========================================================================
Received Import Request.
  Time since last request: 0.000057 seconds.
  path: Assets/Easy FPS/Model_Animations_Textures/main character/Textures/Hands_Normal.png
  artifactKey: Guid(bb6e21fc33d021445997c0c0f718d561) Importer(2089858483,b0f066a214c2f5e87bad3c948f4d605d)
Start importing Assets/Easy FPS/Model_Animations_Textures/main character/Textures/Hands_Normal.png using Guid(bb6e21fc33d021445997c0c0f718d561) Importer(2089858483,b0f066a214c2f5e87bad3c948f4d605d) (ScriptedImporter) -> (artifact id: 'f914f290212853222d281b2015768026') in 0.0116597 seconds
Number of updated asset objects reloaded before import = 0Number of asset objects unloaded after import = 1

========================================================================
Received Import Request.
  Time since last request: 0.000034 seconds.
  path: Assets/Easy FPS/Sounds
  artifactKey: Guid(08db8c7675c354d92bfb2c91b4c88fde) Importer(2089858483,b0f066a214c2f5e87bad3c948f4d605d)
Start importing Assets/Easy FPS/Sounds using Guid(08db8c7675c354d92bfb2c91b4c88fde) Importer(2089858483,b0f066a214c2f5e87bad3c948f4d605d) (ScriptedImporter) -> (artifact id: 'e78ee9ec3ee7e223e84f62190f0935f4') in 0.0062548 seconds
Number of updated asset objects reloaded before import = 0Number of asset objects unloaded after import = 1

========================================================================
Received Import Request.
  Time since last request: 0.000027 seconds.
  path: Assets/Easy FPS/Model_Animations_Textures/main character/Textures/Weapon_Albedo.png
  artifactKey: Guid(eef52f85ff593ba4cb30ef6df2ca5854) Importer(2089858483,b0f066a214c2f5e87bad3c948f4d605d)
Start importing Assets/Easy FPS/Model_Animations_Textures/main character/Textures/Weapon_Albedo.png using Guid(eef52f85ff593ba4cb30ef6df2ca5854) Importer(2089858483,b0f066a214c2f5e87bad3c948f4d605d) (ScriptedImporter) -> (artifact id: 'ee58686c9c27fb99a91bc5efe585750e') in 0.0103444 seconds
Number of updated asset objects reloaded before import = 0Number of asset objects unloaded after import = 1

========================================================================
Received Import Request.
  Time since last request: 0.000026 seconds.
  path: Assets/Easy FPS/_scene.unity
  artifactKey: Guid(38bb0089216ab41d98ba972dc131e209) Importer(2089858483,b0f066a214c2f5e87bad3c948f4d605d)
Start importing Assets/Easy FPS/_scene.unity using Guid(38bb0089216ab41d98ba972dc131e209) Importer(2089858483,b0f066a214c2f5e87bad3c948f4d605d) (ScriptedImporter) -> (artifact id: 'fd93a69eb49bbe544243d592d90f5f16') in 0.0080445 seconds
Number of updated asset objects reloaded before import = 0Number of asset objects unloaded after import = 1

========================================================================
Received Import Request.
  Time since last request: 0.000046 seconds.
  path: Assets/Easy FPS/MuzzelFlash/Materials
  artifactKey: Guid(ced9ce08dd4de4d1d871cdd31ccdb2da) Importer(2089858483,b0f066a214c2f5e87bad3c948f4d605d)
Start importing Assets/Easy FPS/MuzzelFlash/Materials using Guid(ced9ce08dd4de4d1d871cdd31ccdb2da) Importer(2089858483,b0f066a214c2f5e87bad3c948f4d605d) (ScriptedImporter) -> (artifact id: 'c03f0fede9806b5a6e485f87866c19cb') in 0.0068037 seconds
Number of updated asset objects reloaded before import = 0Number of asset objects unloaded after import = 1

========================================================================
Received Import Request.
  Time since last request: 0.000041 seconds.
  path: Assets/Easy FPS/Model_Animations_Textures/main character/Textures/Weapon_Specular.png
  artifactKey: Guid(f178e45a36c6fb348b287e4e5bbe4664) Importer(2089858483,b0f066a214c2f5e87bad3c948f4d605d)
Start importing Assets/Easy FPS/Model_Animations_Textures/main character/Textures/Weapon_Specular.png using Guid(f178e45a36c6fb348b287e4e5bbe4664) Importer(2089858483,b0f066a214c2f5e87bad3c948f4d605d) (ScriptedImporter) -> (artifact id: '852d42703be12d7bd21e41658d3c16af') in 0.0137834 seconds
Number of updated asset objects reloaded before import = 0Number of asset objects unloaded after import = 1

========================================================================
Received Import Request.
  Time since last request: 0.000505 seconds.
  path: Assets/Easy FPS/Scripts/GunScript.cs
  artifactKey: Guid(a804723bdccf04fca985e160ab5f88d5) Importer(2089858483,b0f066a214c2f5e87bad3c948f4d605d)
Start importing Assets/Easy FPS/Scripts/GunScript.cs using Guid(a804723bdccf04fca985e160ab5f88d5) Importer(2089858483,b0f066a214c2f5e87bad3c948f4d605d) (ScriptedImporter) -> (artifact id: 'fe21ecdb5c09e369e82adde5921812cd') in 0.0124473 seconds
Number of updated asset objects reloaded before import = 0Number of asset objects unloaded after import = 0

========================================================================
Received Import Request.
  Time since last request: 0.000043 seconds.
  path: Assets/Easy FPS/MuzzelFlash/MuzzlePrefabs
  artifactKey: Guid(b0c90e91391ee435e907cfd236887dff) Importer(2089858483,b0f066a214c2f5e87bad3c948f4d605d)
Start importing Assets/Easy FPS/MuzzelFlash/MuzzlePrefabs using Guid(b0c90e91391ee435e907cfd236887dff) Importer(2089858483,b0f066a214c2f5e87bad3c948f4d605d) (ScriptedImporter) -> (artifact id: '9574f269c1e8653b833d4e0b106a016a') in 0.0102205 seconds
Number of updated asset objects reloaded before import = 0Number of asset objects unloaded after import = 1

========================================================================
Received Import Request.
  Time since last request: 0.000027 seconds.
  path: Assets/Easy FPS/Model_Animations_Textures/ironSight_addon/red_dot.png
  artifactKey: Guid(0eb598492766f4a6d9dc76017d64f57a) Importer(2089858483,b0f066a214c2f5e87bad3c948f4d605d)
Start importing Assets/Easy FPS/Model_Animations_Textures/ironSight_addon/red_dot.png using Guid(0eb598492766f4a6d9dc76017d64f57a) Importer(2089858483,b0f066a214c2f5e87bad3c948f4d605d) (ScriptedImporter) -> (artifact id: 'bd9f010aac0c538d563b1e11762f31ae') in 0.010385 seconds
Number of updated asset objects reloaded before import = 0Number of asset objects unloaded after import = 1

========================================================================
Received Import Request.
  Time since last request: 0.000019 seconds.
  path: Assets/Easy FPS/Prefabs/Player.prefab
  artifactKey: Guid(c391f12a928274acab8576bb6030641d) Importer(2089858483,b0f066a214c2f5e87bad3c948f4d605d)
Start importing Assets/Easy FPS/Prefabs/Player.prefab using Guid(c391f12a928274acab8576bb6030641d) Importer(2089858483,b0f066a214c2f5e87bad3c948f4d605d) (ScriptedImporter) -> (artifact id: '535f5d8c1b633ba3d24fad88f5a7a450') in 0.0229362 seconds
Number of updated asset objects reloaded before import = 0Number of asset objects unloaded after import = 57

========================================================================
Received Import Request.
  Time since last request: 0.000014 seconds.
  path: Assets/Easy FPS/Sounds/playerSound
  artifactKey: Guid(982b40fc23170d3438d35cebadf5e518) Importer(2089858483,b0f066a214c2f5e87bad3c948f4d605d)
Start importing Assets/Easy FPS/Sounds/playerSound using Guid(982b40fc23170d3438d35cebadf5e518) Importer(2089858483,b0f066a214c2f5e87bad3c948f4d605d) (ScriptedImporter) -> (artifact id: '3fe6615cb429cabc3fb893d3a1aa8c4c') in 0.0065876 seconds
Number of updated asset objects reloaded before import = 0Number of asset objects unloaded after import = 1

========================================================================
Received Import Request.
  Time since last request: 0.000033 seconds.
  path: Assets/Easy FPS/Sounds/playerSound/die_02.wav
  artifactKey: Guid(682d11da94be903499903ad0057578b3) Importer(2089858483,b0f066a214c2f5e87bad3c948f4d605d)
Start importing Assets/Easy FPS/Sounds/playerSound/die_02.wav using Guid(682d11da94be903499903ad0057578b3) Importer(2089858483,b0f066a214c2f5e87bad3c948f4d605d) (ScriptedImporter) -> (artifact id: '303577db58a1747972cbeeeb0b59d859') in 0.0197793 seconds
Number of updated asset objects reloaded before import = 0Number of asset objects unloaded after import = 1

========================================================================
Received Import Request.
  Time since last request: 0.000031 seconds.
  path: Assets/Easy FPS/Model_Animations_Textures/main character
  artifactKey: Guid(1433ee16f7924b14f9fc7311ecf3c113) Importer(2089858483,b0f066a214c2f5e87bad3c948f4d605d)
Start importing Assets/Easy FPS/Model_Animations_Textures/main character using Guid(1433ee16f7924b14f9fc7311ecf3c113) Importer(2089858483,b0f066a214c2f5e87bad3c948f4d605d) (ScriptedImporter) -> (artifact id: '2c16fcffdc4904d2d248c6f01b6d279c') in 0.0065143 seconds
Number of updated asset objects reloaded before import = 0Number of asset objects unloaded after import = 1

========================================================================
Received Import Request.
  Time since last request: 0.000029 seconds.
  path: Assets/Easy FPS/Sounds/playerSound/die-01.wav
  artifactKey: Guid(eb3bd47854f520742b9701987981ae45) Importer(2089858483,b0f066a214c2f5e87bad3c948f4d605d)
Start importing Assets/Easy FPS/Sounds/playerSound/die-01.wav using Guid(eb3bd47854f520742b9701987981ae45) Importer(2089858483,b0f066a214c2f5e87bad3c948f4d605d) (ScriptedImporter) -> (artifact id: 'be814db31d053c164b221e6b6ea23aae') in 0.0214893 seconds
Number of updated asset objects reloaded before import = 0Number of asset objects unloaded after import = 1

========================================================================
Received Prepare
Begin MonoManager ReloadAssembly
- Loaded All Assemblies, in  0.450 seconds
Refreshing native plugins compatible for Editor in 0.89 ms, found 3 plugins.
Native extension for WindowsStandalone target not found
[Package Manager] Failed to launch server process. Reason: Unity was launched with the -noUpm command-line argument
[Package Manager] Unable to send message (not connected to server process).
[Package Manager] Cannot connect to Unity Package Manager local server
ScheduleIndexationOnStartup MainProcess:False IndexOnStartup:True
Mono: successfully reloaded assembly
- Finished resetting the current domain, in  0.464 seconds
Domain Reload Profiling: 913ms
	BeginReloadAssembly (160ms)
		ExecutionOrderSort (0ms)
		DisableScriptedObjects (4ms)
		BackupInstance (0ms)
		ReleaseScriptingObjects (0ms)
		CreateAndSetChildDomain (41ms)
	RebuildCommonClasses (26ms)
	RebuildNativeTypeToScriptingClass (10ms)
	initialDomainReloadingComplete (20ms)
	LoadAllAssembliesAndSetupDomain (233ms)
		LoadAssemblies (198ms)
		RebuildTransferFunctionScriptingTraits (0ms)
		AnalyzeDomain (103ms)
			TypeCache.Refresh (4ms)
				TypeCache.ScanAssembly (0ms)
			BuildScriptInfoCaches (93ms)
			ResolveRequiredComponents (4ms)
	FinalizeReload (464ms)
		ReleaseScriptCaches (0ms)
		RebuildScriptCaches (0ms)
		SetupLoadedEditorAssemblies (375ms)
			LogAssemblyErrors (0ms)
			InitializePlatformSupportModulesInManaged (1ms)
			SetLoadedEditorAssemblies (3ms)
			BeforeProcessingInitializeOnLoad (89ms)
			ProcessInitializeOnLoadAttributes (247ms)
			ProcessInitializeOnLoadMethodAttributes (30ms)
			AfterProcessingInitializeOnLoad (5ms)
			EditorAssembliesLoaded (0ms)
		ExecutionOrderSort2 (0ms)
		AwakeInstancesAfterBackupRestoration (5ms)
Refreshing native plugins compatible for Editor in 1.31 ms, found 3 plugins.
Preloading 0 native plugins for Editor in 0.00 ms.
Unloading 0 Unused Serialized files (Serialized files now loaded: 0)
Unloading 3901 unused Assets / (0.9 MB). Loaded Objects now: 4497.
Memory consumption went from 95.9 MB to 95.0 MB.
Total: 8.734800 ms (FindLiveObjects: 0.648500 ms CreateObjectMapping: 0.578600 ms MarkObjects: 6.404800 ms  DeleteObjects: 1.101700 ms)

Prepare: number of updated asset objects reloaded= 0
Editor requested this worker to shutdown with reason: Scaling down because of idle timeout
AssetImportWorker is now disconnected from the server
Process exiting
Exiting without the bug reporter. Application will terminate with return code 0